2026-09-19 08:48:22,607 WARNING accounts.backends Login failed: unknown username='no_such_user' for company_id=None
2026-09-19 08:49:38,597 WARNING accounts.backends Login failed: bad password or inactive user_id=11 username='admin' company_id='INNRK6EAZNJWD5YGZ7'
2026-09-19 08:49:55,472 INFO accounts.backends Login success: user_id=11 username='admin' company_id='INNRK6EAZNJWD5YGZ7'
2026-09-19 08:51:47,534 INFO accounts.backends Login success: user_id=11 username='admin' company_id='INNRK6EAZNJWD5YGZ7'
2026-09-19 08:51:56,735 WARNING accounts.backends Login failed: bad password or inactive user_id=11 username='admin' company_id='INNRK6EAZNJWD5YGZ7'
2026-09-19 08:52:23,480 INFO accounts.signals Password changed for user_id=11
2026-09-19 08:52:29,090 INFO accounts.backends Login success: user_id=11 username='admin' company_id='INNRK6EAZNJWD5YGZ7'
2026-09-19 09:01:13,012 INFO accounts.signals Default roles created for company_id=ZQOPY437HK5YLI6EH4
2026-09-19 09:01:13,014 INFO accounts.signals Default roles created for company_id=MRB2DP4UO9H6KS7AM9
2026-09-19 09:01:13,704 INFO accounts.signals Profile created for user_id=18
2026-09-19 09:01:14,343 INFO accounts.signals Profile created for user_id=19
2026-09-19 09:04:27,498 INFO accounts.signals Default roles created for company_id=93MDRB7BQU3KZPSQ7K
2026-09-19 09:04:27,500 INFO accounts.signals Default roles created for company_id=1W5NJP3WT961F4HSBT
2026-09-19 09:04:28,123 INFO accounts.signals Profile created for user_id=20
2026-09-19 09:04:28,733 INFO accounts.signals Profile created for user_id=21
2026-09-19 09:12:57,810 INFO accounts.signals Default roles created for company_id=TA3N5R03VW1TBW5UZS
2026-09-19 09:12:58,531 INFO accounts.signals Profile created for user_id=22
2026-09-19 09:12:58,686 INFO accounts.signals Profile created for user_id=23
2026-09-19 09:12:58,687 INFO accounts.signals Password changed for user_id=23
2026-09-19 09:12:58,688 INFO accounts.signals Broadcast company_updated: company_id=TA3N5R03VW1TBW5UZS via system_user_id=23
2026-09-19 09:12:58,767 INFO accounts.signals Broadcast config_updated: company_id=TA3N5R03VW1TBW5UZS via system_user_id=23
2026-09-19 09:12:58,772 INFO accounts.signals Broadcast config_updated: company_id=TA3N5R03VW1TBW5UZS via system_user_id=23
2026-09-19 09:13:56,595 INFO accounts.signals Default roles created for company_id=4QUUTZFASUZGY4U6K0
2026-09-19 09:13:57,241 INFO accounts.signals Profile created for user_id=24
2026-09-19 09:13:57,396 INFO accounts.signals Profile created for user_id=25
2026-09-19 09:13:57,397 INFO accounts.signals Password changed for user_id=25
2026-09-19 09:13:57,398 INFO accounts.signals Broadcast config_updated: company_id=4QUUTZFASUZGY4U6K0 via system_user_id=25
2026-09-19 09:22:04,657 INFO accounts.signals Default roles created for company_id=396SODGMVJ5G4IM305
2026-09-19 09:22:05,245 INFO accounts.signals Profile created for user_id=26
2026-09-19 09:22:05,348 INFO accounts.signals Profile created for user_id=27
2026-09-19 09:22:05,349 INFO accounts.signals Password changed for user_id=27
2026-09-19 09:22:05,352 INFO accounts.signals Broadcast company_updated: company_id=396SODGMVJ5G4IM305 via system_user_id=27
2026-09-19 09:22:05,355 INFO accounts.signals Broadcast company_updated: company_id=396SODGMVJ5G4IM305 via system_user_id=27
2026-09-19 09:31:35,369 INFO accounts.signals Default roles created for company_id=2ZQGC6UF37WVBL1B2W
2026-09-19 09:31:36,152 INFO accounts.signals Profile created for user_id=28
2026-09-19 09:31:36,929 INFO accounts.signals Profile created for user_id=29
2026-09-19 09:31:37,150 INFO accounts.signals Profile created for user_id=30
2026-09-19 09:31:37,154 INFO accounts.signals Password changed for user_id=30
2026-09-19 09:31:37,157 INFO accounts.signals Notify test_private: user_id=28 via system_user_id=30
2026-09-19 09:32:03,802 INFO accounts.signals Default roles created for company_id=4EA780OY0ZYVJC829X
2026-09-19 09:32:04,393 INFO accounts.signals Profile created for user_id=31
2026-09-19 09:32:04,396 INFO accounts.signals Profile created for user_id=32
2026-09-19 09:32:04,397 INFO accounts.signals Password changed for user_id=32
2026-09-19 09:32:04,400 INFO accounts.signals Broadcast company_updated: company_id=4EA780OY0ZYVJC829X via system_user_id=32
2026-09-19 09:32:04,404 INFO accounts.signals Broadcast company_updated: company_id=4EA780OY0ZYVJC829X via system_user_id=32
2026-09-19 09:32:04,406 INFO accounts.signals Notify private_evt: user_id=31 via system_user_id=32
2026-09-19 09:32:17,870 INFO accounts.signals Default roles created for company_id=VOYL5N24Y9CVEZVFCS
2026-09-19 09:32:18,679 INFO accounts.signals Profile created for user_id=33
2026-09-19 09:32:43,657 INFO accounts.signals Default roles created for company_id=EIB8TRXODDZY54DZ3O
2026-09-19 09:32:44,485 INFO accounts.signals Profile created for user_id=34
2026-09-19 09:32:44,492 INFO accounts.signals Profile created for user_id=35
2026-09-19 09:32:44,493 INFO accounts.signals Password changed for user_id=35
2026-09-19 09:32:44,498 INFO accounts.signals Broadcast company_updated: company_id=EIB8TRXODDZY54DZ3O via system_user_id=35
2026-09-19 09:32:44,503 INFO accounts.signals Broadcast company_updated: company_id=EIB8TRXODDZY54DZ3O via system_user_id=35
2026-09-19 09:32:44,507 INFO accounts.signals Notify private_evt: user_id=34 via system_user_id=35
2026-09-19 09:32:44,723 INFO accounts.signals Broadcast company_updated: company_id=EIB8TRXODDZY54DZ3O via system_user_id=35
2026-09-19 09:35:08,387 INFO accounts.signals Default roles created for company_id=S3PCXXR50PML4MV8B1
2026-09-19 09:35:08,388 INFO accounts.signals Default roles created for company_id=VCQ1ZT43ZTLPO0EX3U
2026-09-19 09:35:09,169 INFO accounts.signals Profile created for user_id=36
2026-09-19 09:35:09,965 INFO accounts.signals Profile created for user_id=37
2026-09-19 09:35:11,981 INFO accounts.backends Login success: user_id=36 username='revaluser' company_id='S3PCXXR50PML4MV8B1'
2026-09-19 09:35:14,319 INFO accounts.backends Login success: user_id=37 username='revaluser' company_id='VCQ1ZT43ZTLPO0EX3U'
2026-09-19 09:35:14,439 INFO accounts.backends Login success: user_id=11 username='admin' company_id='INNRK6EAZNJWD5YGZ7'
2026-09-19 09:35:16,546 WARNING accounts.backends Login failed: bad password or inactive user_id=36 username='revaluser' company_id='S3PCXXR50PML4MV8B1'
2026-09-19 09:40:26,881 INFO accounts.signals Default roles created for company_id=I7R7I6CUIXPPDIQ4VI
2026-09-19 09:40:27,479 INFO accounts.signals Profile created for user_id=38
2026-09-19 09:40:28,060 INFO accounts.signals Profile created for user_id=39
2026-09-19 09:51:52,752 INFO accounts.signals Default roles created for company_id=VF5G0B3S9LNP4CMGX5
2026-09-19 09:51:53,338 INFO accounts.signals Profile created for user_id=40
2026-09-19 09:51:53,937 INFO accounts.signals Profile created for user_id=41
2026-09-19 09:52:23,594 INFO accounts.signals Default roles created for company_id=MNBZWTJD239U13IC73
2026-09-19 09:52:24,617 INFO accounts.signals Profile created for user_id=42
2026-09-19 09:52:25,467 INFO accounts.signals Profile created for user_id=43
2026-09-19 09:54:49,766 INFO accounts.signals Profile created for user_id=44
2026-09-19 09:54:49,767 INFO accounts.signals Password changed for user_id=44
2026-09-19 09:54:49,769 INFO accounts.signals Broadcast company_updated: company_id=INNRK6EAZNJWD5YGZ7 via system_user_id=44
2026-09-19 10:01:59,655 INFO accounts.backends Login success: user_id=11 username='admin' company_id='INNRK6EAZNJWD5YGZ7'
2026-09-19 10:20:16,000 INFO accounts.signals Password changed for user_id=11
2026-09-19 10:20:16,002 INFO accounts.views First password change: user_id=11
2026-09-19 10:20:29,097 INFO accounts.backends Login success: user_id=11 username='admin' company_id='INNRK6EAZNJWD5YGZ7'
2026-09-19 10:21:51,433 INFO accounts.signals Broadcast company_updated: company_id=INNRK6EAZNJWD5YGZ7 via system_user_id=44
2026-09-19 10:28:53,807 INFO accounts.signals Default roles created for company_id=FXIWZDJGUEOMXPDSN6
2026-09-19 10:28:53,951 INFO accounts.signals Broadcast company_updated: company_id=FXIWZDJGUEOMXPDSN6 updated_by=admin
2026-09-19 10:29:59,736 INFO accounts.signals Broadcast company_updated: company_id=INNRK6EAZNJWD5YGZ7 updated_by=admin
2026-09-19 10:39:16,214 INFO accounts.signals Broadcast company_updated: company_id=INNRK6EAZNJWD5YGZ7 updated_by=admin
2026-09-19 11:10:17,597 INFO accounts.signals Default roles created for company_id=XM0F8K16T9O48NYRCL
2026-09-19 11:10:18,168 INFO accounts.signals Profile created for user_id=45
2026-09-19 11:10:18,731 INFO accounts.signals Profile created for user_id=46
2026-09-19 11:10:47,463 INFO accounts.signals Default roles created for company_id=38VAVYLZCCWCQ55DTQ
2026-09-19 11:10:48,098 INFO accounts.signals Profile created for user_id=47
2026-09-19 11:10:48,701 INFO accounts.signals Profile created for user_id=48
2026-09-19 11:10:49,380 INFO accounts.signals Profile created for user_id=49
2026-09-19 11:11:11,363 INFO accounts.signals Default roles created for company_id=12HC4PEDV1KNKMLQUN
2026-09-19 11:11:11,970 INFO accounts.signals Profile created for user_id=50
2026-09-19 11:11:12,541 INFO accounts.signals Profile created for user_id=51
2026-09-19 11:25:15,411 INFO accounts.signals Default roles created for company_id=MRHCQ1KIJ0WRN1RLG2
2026-09-19 11:25:15,982 INFO accounts.signals Profile created for user_id=52
2026-09-19 11:25:16,537 INFO accounts.signals Profile created for user_id=53
2026-09-19 11:32:28,591 INFO accounts.signals Default roles created for company_id=KW3IDQHG3WS6P014CN
2026-09-19 11:32:29,708 INFO accounts.signals Profile created for user_id=54
2026-09-19 11:32:30,879 INFO accounts.signals Profile created for user_id=55
2026-09-19 11:32:31,561 INFO accounts.signals Profile created for user_id=56
2026-09-19 11:32:31,563 INFO accounts.signals Password changed for user_id=56
2026-09-19 11:32:31,566 INFO accounts.signals Notify new_message: user_id=55 via system_user_id=56
2026-09-19 13:32:01,670 INFO accounts.signals Broadcast new_message: company_id=INNRK6EAZNJWD5YGZ7 updated_by=admin
2026-09-19 13:32:03,297 INFO accounts.signals Broadcast new_message: company_id=INNRK6EAZNJWD5YGZ7 updated_by=admin
2026-09-19 13:32:09,616 INFO accounts.signals Broadcast new_message: company_id=INNRK6EAZNJWD5YGZ7 updated_by=admin
2026-09-19 13:32:49,622 INFO accounts.signals Default roles created for company_id=8KJEK1QIRF00K3YYI0
2026-09-19 13:32:50,206 INFO accounts.signals Profile created for user_id=57
2026-09-19 13:32:50,783 INFO accounts.signals Profile created for user_id=58
2026-09-19 13:32:51,363 INFO accounts.signals Profile created for user_id=59
2026-09-19 13:32:51,364 INFO accounts.signals Password changed for user_id=59
2026-09-19 13:32:51,367 INFO accounts.signals Notify new_message: user_id=58 via system_user_id=59
2026-09-19 13:32:51,373 INFO accounts.signals Notify new_message: user_id=58 via system_user_id=59
2026-09-19 13:33:32,917 INFO accounts.signals Profile created for user_id=60
2026-09-19 13:33:46,617 WARNING accounts.backends Login failed: unknown username='tester01' for company_id='INNRK6EAZNJWD5YGZ7'
2026-09-19 13:33:58,763 INFO accounts.backends Login success: user_id=60 username='tester_01' company_id='INNRK6EAZNJWD5YGZ7'
2026-09-19 13:34:04,088 INFO accounts.signals Password changed for user_id=60
2026-09-19 13:34:04,088 INFO accounts.views First password change: user_id=60
2026-09-19 13:36:44,355 INFO accounts.signals Default roles created for company_id=IX7KAVLM0CUP0VRDQB
2026-09-19 13:36:44,919 INFO accounts.signals Profile created for user_id=61
2026-09-19 13:36:45,481 INFO accounts.signals Profile created for user_id=62
2026-09-19 13:43:12,867 INFO accounts.backends Login success: user_id=11 username='admin' company_id='INNRK6EAZNJWD5YGZ7'
2026-09-19 13:44:00,854 INFO accounts.signals Default roles created for company_id=TD26B26KVBUJK5SROG
2026-09-19 13:44:01,659 INFO accounts.signals Profile created for user_id=63
2026-09-19 13:44:02,444 INFO accounts.signals Profile created for user_id=64
2026-09-19 13:44:33,182 INFO accounts.backends Login success: user_id=11 username='admin' company_id='INNRK6EAZNJWD5YGZ7'
2026-09-19 13:47:04,532 INFO accounts.backends Login success: user_id=11 username='admin' company_id='INNRK6EAZNJWD5YGZ7'
2026-09-19 13:47:46,166 INFO accounts.backends Login success: user_id=60 username='tester_01' company_id='INNRK6EAZNJWD5YGZ7'
2026-09-19 13:48:34,103 INFO accounts.signals Default roles created for company_id=VBMLZGY5SHFUC9FH6A
2026-09-19 13:48:35,193 INFO accounts.signals Profile created for user_id=65
2026-09-19 13:48:36,279 INFO accounts.signals Profile created for user_id=66
2026-09-19 14:02:11,006 INFO accounts.signals Default roles created for company_id=AE4BNU1UFETWQ7JDPU
2026-09-19 14:02:11,781 INFO accounts.signals Profile created for user_id=67
2026-09-19 14:02:12,507 INFO accounts.signals Profile created for user_id=68
2026-09-19 14:17:21,969 INFO accounts.backends Login success: user_id=60 username='tester_01' company_id='INNRK6EAZNJWD5YGZ7'
2026-09-19 14:17:43,134 INFO accounts.backends Login success: user_id=60 username='tester_01' company_id='INNRK6EAZNJWD5YGZ7'
2026-09-19 14:17:48,423 INFO accounts.backends Login success: user_id=11 username='admin' company_id='INNRK6EAZNJWD5YGZ7'
2026-09-19 14:19:24,316 INFO accounts.signals Default roles created for company_id=BINVNJLNHG85DTRE91
2026-09-19 14:19:24,892 INFO accounts.signals Profile created for user_id=69
2026-09-19 14:19:25,492 INFO accounts.signals Profile created for user_id=70
2026-09-19 14:21:32,897 INFO accounts.signals Default roles created for company_id=WNF3XBJ57WV33D7VKR
2026-09-19 14:21:33,707 INFO accounts.signals Profile created for user_id=71
2026-09-19 14:21:34,439 INFO accounts.signals Profile created for user_id=72
2026-09-19 14:38:11,018 INFO accounts.signals Default roles created for company_id=NAFV5GQN579H1138PS
2026-09-19 14:38:11,977 INFO accounts.signals Profile created for user_id=73
2026-09-19 14:38:28,578 INFO accounts.signals Default roles created for company_id=2S7UA56MEZXUIN5CBY
2026-09-19 14:38:29,647 INFO accounts.signals Profile created for user_id=74
2026-09-19 14:42:47,299 INFO accounts.signals Default roles created for company_id=LKVTF4Y7J27RPRUS89
2026-09-19 14:42:47,873 INFO accounts.signals Profile created for user_id=75
2026-09-19 14:58:02,907 INFO accounts.signals Default roles created for company_id=I3SN4APP9BF6B5EVOE
2026-09-19 14:58:03,686 INFO accounts.signals Profile created for user_id=76
2026-09-19 15:09:19,256 INFO accounts.signals Default roles created for company_id=ZZLQ2U9CH8RAMNDDPM
2026-09-19 15:09:19,964 INFO accounts.signals Profile created for user_id=77
2026-09-19 15:09:20,682 INFO accounts.signals Profile created for user_id=78
2026-09-19 15:09:21,394 INFO accounts.signals Profile created for user_id=79
2026-09-19 15:09:22,108 INFO accounts.signals Profile created for user_id=80
2026-09-19 16:31:13,840 INFO accounts.signals Default roles created for company_id=RE165RBWWA06RW0XYM
2026-09-19 16:31:14,593 INFO accounts.signals Profile created for user_id=81
2026-09-19 16:31:15,343 INFO accounts.signals Profile created for user_id=82
2026-09-19 16:31:15,566 INFO accounts.signals Broadcast table_opened: company_id=RE165RBWWA06RW0XYM updated_by=customer_1c9886fb
2026-09-19 16:31:15,580 INFO accounts.signals Broadcast order_created: company_id=RE165RBWWA06RW0XYM updated_by=customer_1c9886fb
2026-09-19 16:31:15,593 INFO accounts.signals Profile created for user_id=83
2026-09-19 16:31:15,594 INFO accounts.signals Password changed for user_id=83
2026-09-19 16:31:15,597 INFO accounts.signals Notify order_status_changed: user_id=82 via system_user_id=83
2026-09-19 16:31:15,627 INFO accounts.signals Broadcast table_closed: company_id=RE165RBWWA06RW0XYM updated_by=staff_1c9886fb
2026-09-19 16:31:15,634 INFO accounts.signals Notify table_closed: user_id=82 via system_user_id=83
2026-09-19 16:36:47,050 INFO accounts.signals Default roles created for company_id=74OFZWGQT56TPXCYT5
2026-09-19 16:36:47,895 INFO accounts.signals Profile created for user_id=84
2026-09-21 07:47:04,978 INFO accounts.backends Login success: user_id=11 username='admin' company_id='INNRK6EAZNJWD5YGZ7'
2026-09-21 07:47:09,003 INFO accounts.backends Login success: user_id=11 username='admin' company_id='INNRK6EAZNJWD5YGZ7'
2026-09-21 07:48:29,539 INFO accounts sanity check log line
2026-09-21 07:48:33,882 INFO accounts.backends Login success: user_id=11 username='admin' company_id='INNRK6EAZNJWD5YGZ7'
2026-09-21 07:49:15,785 INFO accounts.backends Login success: user_id=11 username='admin' company_id='INNRK6EAZNJWD5YGZ7'
2026-09-21 07:49:52,711 INFO accounts.backends Login success: user_id=11 username='admin' company_id='INNRK6EAZNJWD5YGZ7'
2026-09-21 07:51:22,410 INFO accounts.backends Login success: user_id=11 username='admin' company_id='INNRK6EAZNJWD5YGZ7'
2026-09-21 07:53:52,178 INFO accounts.backends Login success: user_id=11 username='admin' company_id='INNRK6EAZNJWD5YGZ7'
2026-09-21 07:54:03,962 INFO accounts.backends Login success: user_id=60 username='tester_01' company_id='INNRK6EAZNJWD5YGZ7'
2026-09-21 08:06:21,342 INFO accounts.signals Default roles created for company_id=TESTCO549d94a0
2026-09-21 08:06:23,019 INFO accounts.signals Profile created for user_id=85
2026-09-21 08:06:23,429 INFO accounts.views Profile updated: user_id=85 fields=['first_name', 'last_name', 'display_name', 'facebook_url']
2026-09-21 08:06:53,873 INFO accounts.signals Default roles created for company_id=TESTCOd56070fa
2026-09-21 08:06:55,521 INFO accounts.signals Profile created for user_id=86
2026-09-21 08:06:55,790 INFO accounts.views Profile updated: user_id=86 fields=['first_name', 'last_name', 'display_name', 'facebook_url']
2026-09-21 08:06:56,179 INFO accounts.views Profile updated: user_id=86 fields=['display_name', 'avatar']
2026-09-21 08:06:56,191 INFO accounts.views Bank card added: user_id=86 card_id=1 bin_code='970436'
2026-09-21 08:06:56,200 INFO accounts.views Bank card added: user_id=86 card_id=2 bin_code='970416'
2026-09-21 08:06:56,208 INFO accounts.views Bank card set primary: user_id=86 card_id=2
2026-09-21 08:07:43,005 INFO accounts.signals Default roles created for company_id=TESTCOe3ff37ca
2026-09-21 08:07:44,555 INFO accounts.signals Profile created for user_id=87
2026-09-21 08:07:44,819 INFO accounts.views Profile updated: user_id=87 fields=['first_name', 'last_name', 'display_name', 'facebook_url']
2026-09-21 08:07:45,180 INFO accounts.views Profile updated: user_id=87 fields=['display_name', 'avatar']
2026-09-21 08:07:45,194 INFO accounts.views Bank card added: user_id=87 card_id=4 bin_code='970436'
2026-09-21 08:07:45,202 INFO accounts.views Bank card added: user_id=87 card_id=5 bin_code='970416'
2026-09-21 08:07:45,211 INFO accounts.views Bank card set primary: user_id=87 card_id=5
2026-09-21 08:09:35,160 WARNING accounts.backends Login failed: unknown username='tester_01' for company_id='INNRK6EAZNJWD5YGZ7'
2026-09-21 08:09:41,779 WARNING accounts.backends Login failed: unknown username='tester_01' for company_id='INNRK6EAZNJWD5YGZ7'
2026-09-21 08:10:04,525 WARNING accounts.backends Login failed: unknown username='tester_01' for company_id='INNRK6EAZNJWD5YGZ7'
2026-09-21 08:11:25,138 INFO accounts.signals Profile created for user_id=88
2026-09-21 08:11:35,004 INFO accounts.backends Login success: user_id=88 username='tester01' company_id='INNRK6EAZNJWD5YGZ7'
2026-09-21 08:11:38,995 INFO accounts.signals Password changed for user_id=88
2026-09-21 08:11:38,997 INFO accounts.views First password change: user_id=88
2026-09-21 08:47:59,519 INFO accounts.signals Default roles created for company_id=TESTCOdb6cc526
2026-09-21 08:48:02,530 INFO accounts.signals Profile created for user_id=89
2026-09-21 08:48:03,021 INFO accounts.views Position created: company_id=TESTCOdb6cc526 position_id=2 name='Nhân viên'
2026-09-21 08:48:03,055 INFO accounts.views Department created: company_id=TESTCOdb6cc526 department_id=2 name='Phòng kinh doanh'
2026-09-21 08:48:03,078 INFO accounts.views Profile updated: user_id=89 fields=['display_name']
2026-09-21 09:27:01,208 INFO accounts.signals Default roles created for company_id=TESTCOeb266b40
2026-09-21 09:27:02,997 INFO accounts.signals Profile created for user_id=90
2026-09-21 09:27:34,527 INFO accounts.signals Default roles created for company_id=TESTCO45892359
2026-09-21 09:27:36,289 INFO accounts.signals Profile created for user_id=91
2026-09-21 09:27:36,642 INFO accounts.signals Broadcast order_created: company_id=TESTCO45892359 updated_by=staff45892359
2026-09-21 09:27:36,655 INFO accounts.signals Broadcast order_created: company_id=TESTCO45892359 updated_by=staff45892359
2026-09-21 09:27:36,668 INFO accounts.signals Broadcast order_created: company_id=TESTCO45892359 updated_by=staff45892359
2026-09-21 09:27:36,697 INFO accounts.signals Profile created for user_id=92
2026-09-21 09:27:36,698 INFO accounts.signals Password changed for user_id=92
2026-09-21 09:27:36,703 INFO accounts.signals Notify order_status_changed: user_id=91 via system_user_id=92
2026-09-21 09:28:37,376 INFO accounts.backends Login success: user_id=11 username='admin' company_id='INNRK6EAZNJWD5YGZ7'
2026-09-23 08:26:15,576 INFO accounts.signals Default roles created for company_id=TESTCOMPANY000001
2026-09-23 08:26:30,023 INFO accounts.signals Profile created for user_id=93
2026-09-23 08:26:30,026 INFO accounts.signals Password changed for user_id=93
2026-09-23 08:26:30,035 INFO accounts.signals Broadcast booking_created: company_id=TESTCOMPANY000001 updated_by=system
2026-09-23 08:42:45,424 INFO accounts.signals Default roles created for company_id=XAXTNRFS0M0EIUHRX4
2026-09-23 10:18:34,269 INFO accounts.signals Profile created for user_id=94
2026-09-23 10:18:34,271 INFO accounts.signals Password changed for user_id=94
2026-09-23 10:18:34,275 INFO accounts.signals Broadcast booking_created: company_id=XAXTNRFS0M0EIUHRX4 updated_by=system
2026-09-23 10:25:58,588 INFO accounts.signals Broadcast booking_created: company_id=XAXTNRFS0M0EIUHRX4 updated_by=system
2026-09-23 10:28:41,801 INFO accounts.signals Broadcast booking_created: company_id=XAXTNRFS0M0EIUHRX4 updated_by=system
2026-09-23 10:31:16,516 INFO accounts.signals Broadcast booking_created: company_id=XAXTNRFS0M0EIUHRX4 updated_by=system
2026-09-23 10:35:07,794 INFO accounts.signals Broadcast booking_created: company_id=XAXTNRFS0M0EIUHRX4 updated_by=system
2026-09-23 10:35:08,227 INFO accounts.signals Broadcast booking_created: company_id=XAXTNRFS0M0EIUHRX4 updated_by=system
2026-09-23 10:59:59,089 INFO accounts.signals Broadcast booking_created: company_id=XAXTNRFS0M0EIUHRX4 updated_by=system
2026-09-23 11:38:53,351 INFO accounts.signals Broadcast booking_created: company_id=XAXTNRFS0M0EIUHRX4 updated_by=system
2026-09-23 11:39:08,949 INFO accounts.signals Broadcast table_opened: company_id=XAXTNRFS0M0EIUHRX4 updated_by=admin
2026-09-23 11:40:03,166 INFO accounts.signals Broadcast table_closed: company_id=XAXTNRFS0M0EIUHRX4 updated_by=system
2026-09-23 11:40:03,171 INFO accounts.signals Broadcast table_opened: company_id=XAXTNRFS0M0EIUHRX4 updated_by=system
2026-09-23 11:53:22,707 INFO accounts.signals Broadcast payment_requested: company_id=XAXTNRFS0M0EIUHRX4 updated_by=system
2026-09-23 11:53:38,388 INFO accounts.signals Broadcast payment_requested: company_id=XAXTNRFS0M0EIUHRX4 updated_by=system
2026-09-23 11:53:58,709 INFO accounts.signals Broadcast payment_requested: company_id=XAXTNRFS0M0EIUHRX4 updated_by=system
2026-09-23 11:54:13,042 INFO accounts.signals Broadcast payment_requested: company_id=XAXTNRFS0M0EIUHRX4 updated_by=system
2026-09-23 11:54:14,494 INFO accounts.signals Broadcast payment_requested: company_id=XAXTNRFS0M0EIUHRX4 updated_by=system
2026-09-23 11:54:45,873 INFO accounts.signals Broadcast payment_requested: company_id=XAXTNRFS0M0EIUHRX4 updated_by=system
2026-09-23 12:14:27,808 INFO accounts.signals Broadcast payment_requested: company_id=XAXTNRFS0M0EIUHRX4 updated_by=system
2026-09-23 12:53:25,978 INFO accounts.signals Broadcast payment_requested: company_id=XAXTNRFS0M0EIUHRX4 updated_by=system
2026-09-23 12:53:34,138 INFO accounts.signals Broadcast payment_requested: company_id=XAXTNRFS0M0EIUHRX4 updated_by=system
2026-09-23 12:53:48,588 INFO accounts.signals Broadcast payment_requested: company_id=XAXTNRFS0M0EIUHRX4 updated_by=system
2026-09-23 12:55:41,258 INFO accounts.signals Broadcast payment_requested: company_id=XAXTNRFS0M0EIUHRX4 updated_by=system
2026-09-23 12:55:42,934 INFO accounts.signals Broadcast payment_requested: company_id=XAXTNRFS0M0EIUHRX4 updated_by=system
2026-09-23 12:55:44,208 INFO accounts.signals Broadcast payment_requested: company_id=XAXTNRFS0M0EIUHRX4 updated_by=system
2026-09-23 12:55:53,065 INFO accounts.signals Broadcast payment_requested: company_id=XAXTNRFS0M0EIUHRX4 updated_by=system
2026-09-23 12:57:56,879 INFO accounts.signals Broadcast payment_requested: company_id=XAXTNRFS0M0EIUHRX4 updated_by=system
2026-09-23 12:57:58,762 INFO accounts.signals Broadcast payment_requested: company_id=XAXTNRFS0M0EIUHRX4 updated_by=system
2026-09-23 12:58:00,016 INFO accounts.signals Broadcast payment_requested: company_id=XAXTNRFS0M0EIUHRX4 updated_by=system
2026-09-23 12:58:01,990 INFO accounts.signals Broadcast payment_requested: company_id=XAXTNRFS0M0EIUHRX4 updated_by=system
2026-09-23 12:58:06,471 INFO accounts.signals Broadcast table_closed: company_id=XAXTNRFS0M0EIUHRX4 updated_by=system
2026-09-23 12:58:06,474 INFO accounts.signals Broadcast table_opened: company_id=XAXTNRFS0M0EIUHRX4 updated_by=system
2026-09-23 13:04:47,694 INFO accounts.signals Broadcast table_closed: company_id=XAXTNRFS0M0EIUHRX4 updated_by=system
2026-09-23 13:04:47,697 INFO accounts.signals Broadcast table_opened: company_id=XAXTNRFS0M0EIUHRX4 updated_by=system
2026-09-23 13:04:53,180 INFO accounts.signals Broadcast table_closed: company_id=XAXTNRFS0M0EIUHRX4 updated_by=system
2026-09-23 13:04:53,183 INFO accounts.signals Broadcast table_opened: company_id=XAXTNRFS0M0EIUHRX4 updated_by=system
2026-09-23 14:47:05,590 INFO accounts.signals Broadcast payment_requested: company_id=XAXTNRFS0M0EIUHRX4 updated_by=system
2026-09-23 14:52:08,474 INFO accounts.signals Broadcast payment_requested: company_id=XAXTNRFS0M0EIUHRX4 updated_by=system
